nohup: ignoring input
Configuration:
   Detector:
	 gap width: 0.1
	 steps: 500
	 electric field: 58000
	 ebar calculation steps: 140
	 anode: 0.12 cm, epsilon=5
	 cathode: 0.12 cm, epsilon=5
	 threshold: 0.1 pC
   Gas composition:
	 temperature: 293.15
	 pressure: 760
	 gases: 3
	 gas 0 -- name: c2h2f4 - percentage: 94.7
	 gas 1 -- name: sf6 - percentage: 0.3
	 gas 2 -- name: isobutane - percentage: 4.7
   Simulation parameters:
	 particle: muon
	 momentum: 5e+09
	 x0: 0
	 theta: 0
	 events to simulate: 1
	 threads to use: 2
	 outfile path: out/ATLAS_noCO2_58kV_snaps.dat
	 generator: SFMT
	 random global seed
	 Debug outputs: 1
	 verbose: 1
	 verbosity level: 2
	 snapshots: 1
Init SFMT generator with random seed: 1109622230
MediumMagboltz::SetComposition: C2H2F4/SF6/iC4H10 (94.985/0.300903/4.71414)
	Gas table file: C2H2F4-0.94985_SF6-0.00300903_iC4H10-0.0471414_temp-293.15_pres-760.gas
MediumMagboltz::LoadGasFile:
    Reading file gastables/C2H2F4-0.94985_SF6-0.00300903_iC4H10-0.0471414_temp-293.15_pres-760.gas.
    Version 13.
MediumMagboltz::GetMixture:
    Renormalizing the percentages.
    Gas composition set to iC4H10/SF6/C2H2F4 (4.71414/0.300903/94.985).

Transport parameters:
	alpha: 262.775 cm-1
	eta: 8.8558 cm-1
	E: 58000 kV/cm
	Drift velocity: (0.0114111,0,0) cm/ns
	Ion Drift velocity: (0,0,0) cm/ns
	Diffusion coefficient: (0.00990934, 0.0120098) cm-1/2
	Dt: 0.0175269 ns

EbarTable filename: fDiffT:0.0120098-gapWidth:0.1-eps1:5-eps3:5-cathode:0.12-anode:0.12-Nstep:500-Dx:0.0002-EbarTableSize:140
Hash representation: 18116332149312121507
TAvalanche::Computing cluster density.
TAvalanche::Computing electron density and cluster size.
Longitudinal diffusion generator: SIMD-oriented Fast Mersenne Twister

Initialising avalanche (Id: 0) with Heed track (thread 0) for muon with momentum 5e+09 at position 0 with angle 0
Garfield::RandomEngineSTL seed: 1359339574
Cluster density for muon with momentum 5e+09 : 92.1483
TAvalanche1D::initialiseTrackHeed -- 9 electrons produced by heed track.
Snapshot at: 0.0175269
time step: 1	 Nelec: 9	NelecLastBin: 0 0
Snapshot at: 0.0350537
time step: 2	 Nelec: 9	NelecLastBin: 0 0
Snapshot at: 0.0525806
time step: 3	 Nelec: 10	NelecLastBin: 0 0
Snapshot at: 0.0701075
time step: 4	 Nelec: 10	NelecLastBin: 0 0
Snapshot at: 0.0876343
time step: 5	 Nelec: 10	NelecLastBin: 0 0
Snapshot at: 0.105161
time step: 6	 Nelec: 10	NelecLastBin: 0 0
Snapshot at: 0.122688
time step: 7	 Nelec: 10	NelecLastBin: 0 0
Snapshot at: 0.140215
time step: 8	 Nelec: 10	NelecLastBin: 0 0
Snapshot at: 0.157742
time step: 9	 Nelec: 10	NelecLastBin: 0 0
Snapshot at: 0.175269
time step: 10	 Nelec: 10	NelecLastBin: 0 0
Snapshot at: 0.192796
time step: 11	 Nelec: 10	NelecLastBin: 0 0
Snapshot at: 0.210322
time step: 12	 Nelec: 10	NelecLastBin: 0 0
Snapshot at: 0.227849
time step: 13	 Nelec: 10	NelecLastBin: 0 0
Snapshot at: 0.245376
time step: 14	 Nelec: 12	NelecLastBin: 0 0
Snapshot at: 0.262903
time step: 15	 Nelec: 13	NelecLastBin: 0 0
Snapshot at: 0.28043
time step: 16	 Nelec: 13	NelecLastBin: 0 0
Snapshot at: 0.297957
time step: 17	 Nelec: 13	NelecLastBin: 0 0
Snapshot at: 0.315484
time step: 18	 Nelec: 15	NelecLastBin: 0 0
Snapshot at: 0.33301
time step: 19	 Nelec: 16	NelecLastBin: 0 0
Snapshot at: 0.350537
time step: 20	 Nelec: 16	NelecLastBin: 0 0
Snapshot at: 0.368064
time step: 21	 Nelec: 16	NelecLastBin: 0 0
Snapshot at: 0.385591
time step: 22	 Nelec: 16	NelecLastBin: 0 0
Snapshot at: 0.403118
time step: 23	 Nelec: 17	NelecLastBin: 0 0
Snapshot at: 0.420645
time step: 24	 Nelec: 18	NelecLastBin: 0 0
Snapshot at: 0.438172
time step: 25	 Nelec: 19	NelecLastBin: 0 0
Snapshot at: 0.455699
time step: 26	 Nelec: 19	NelecLastBin: 0 0
Snapshot at: 0.473225
time step: 27	 Nelec: 21	NelecLastBin: 0 0
Snapshot at: 0.490752
time step: 28	 Nelec: 21	NelecLastBin: 0 0
Snapshot at: 0.508279
time step: 29	 Nelec: 22	NelecLastBin: 0 0
Snapshot at: 0.525806
time step: 30	 Nelec: 23	NelecLastBin: 0 0
Snapshot at: 0.543333
time step: 31	 Nelec: 23	NelecLastBin: 0 0
Snapshot at: 0.56086
time step: 32	 Nelec: 25	NelecLastBin: 0 0
Snapshot at: 0.578387
time step: 33	 Nelec: 27	NelecLastBin: 0 0
Snapshot at: 0.595913
time step: 34	 Nelec: 30	NelecLastBin: 0 0
Snapshot at: 0.61344
time step: 35	 Nelec: 32	NelecLastBin: 0 0
Snapshot at: 0.630967
time step: 36	 Nelec: 33	NelecLastBin: 0 0
Snapshot at: 0.648494
time step: 37	 Nelec: 33	NelecLastBin: 0 0
Snapshot at: 0.666021
time step: 38	 Nelec: 36	NelecLastBin: 0 0
Snapshot at: 0.683548
time step: 39	 Nelec: 40	NelecLastBin: 0 0
Snapshot at: 0.701075
time step: 40	 Nelec: 42	NelecLastBin: 0 0
Snapshot at: 0.718602
time step: 41	 Nelec: 44	NelecLastBin: 0 0
Snapshot at: 0.736128
time step: 42	 Nelec: 45	NelecLastBin: 0 0
Snapshot at: 0.753655
time step: 43	 Nelec: 46	NelecLastBin: 0 0
Snapshot at: 0.771182
time step: 44	 Nelec: 46	NelecLastBin: 0 0
Snapshot at: 0.788709
time step: 45	 Nelec: 49	NelecLastBin: 0 0
Snapshot at: 0.806236
time step: 46	 Nelec: 49	NelecLastBin: 0 0
Snapshot at: 0.823763
time step: 47	 Nelec: 50	NelecLastBin: 0 0
Snapshot at: 0.84129
time step: 48	 Nelec: 54	NelecLastBin: 0 0
Snapshot at: 0.858816
time step: 49	 Nelec: 57	NelecLastBin: 0 0
Snapshot at: 0.876343
time step: 50	 Nelec: 61	NelecLastBin: 0 0
Snapshot at: 0.89387
time step: 51	 Nelec: 63	NelecLastBin: 0 0
Snapshot at: 0.911397
time step: 52	 Nelec: 65	NelecLastBin: 0 0
Snapshot at: 0.928924
time step: 53	 Nelec: 71	NelecLastBin: 0 0
Snapshot at: 0.946451
time step: 54	 Nelec: 74	NelecLastBin: 0 0
Snapshot at: 0.963978
time step: 55	 Nelec: 77	NelecLastBin: 0 0
Snapshot at: 0.981505
time step: 56	 Nelec: 80	NelecLastBin: 0 0
Snapshot at: 0.999031
time step: 57	 Nelec: 86	NelecLastBin: 0 0
Snapshot at: 1.01656
time step: 58	 Nelec: 86	NelecLastBin: 0 0
Snapshot at: 1.03409
time step: 59	 Nelec: 91	NelecLastBin: 0 0
Snapshot at: 1.05161
time step: 60	 Nelec: 97	NelecLastBin: 0 0
Snapshot at: 1.06914
time step: 61	 Nelec: 99	NelecLastBin: 0 0
Snapshot at: 1.08667
time step: 62	 Nelec: 101	NelecLastBin: 0 0
Snapshot at: 1.10419
time step: 63	 Nelec: 108	NelecLastBin: 0 0
Snapshot at: 1.12172
time step: 64	 Nelec: 113	NelecLastBin: 0 0
Snapshot at: 1.13925
time step: 65	 Nelec: 118	NelecLastBin: 0 0
Snapshot at: 1.15677
time step: 66	 Nelec: 124	NelecLastBin: 0 0
Snapshot at: 1.1743
time step: 67	 Nelec: 128	NelecLastBin: 0 0
Snapshot at: 1.19183
time step: 68	 Nelec: 136	NelecLastBin: 0 0
Snapshot at: 1.20935
time step: 69	 Nelec: 147	NelecLastBin: 0 0
Snapshot at: 1.22688
time step: 70	 Nelec: 154	NelecLastBin: 0 0
Snapshot at: 1.24441
time step: 71	 Nelec: 161	NelecLastBin: 0 0
Snapshot at: 1.26193
time step: 72	 Nelec: 170	NelecLastBin: 0 0
Snapshot at: 1.27946
time step: 73	 Nelec: 174	NelecLastBin: 0 0
Snapshot at: 1.29699
time step: 74	 Nelec: 185	NelecLastBin: 0 0
Snapshot at: 1.31452
time step: 75	 Nelec: 196	NelecLastBin: 0 0
Snapshot at: 1.33204
time step: 76	 Nelec: 206	NelecLastBin: 0 0
Snapshot at: 1.34957
time step: 77	 Nelec: 221	NelecLastBin: 0 0
Snapshot at: 1.3671
time step: 78	 Nelec: 224	NelecLastBin: 0 0
Snapshot at: 1.38462
time step: 79	 Nelec: 233	NelecLastBin: 1 -1
Snapshot at: 1.40215
time step: 80	 Nelec: 244	NelecLastBin: 1 -1
Snapshot at: 1.41968
time step: 81	 Nelec: 257	NelecLastBin: 1 -1
Snapshot at: 1.4372
time step: 82	 Nelec: 267	NelecLastBin: 1 -1
Snapshot at: 1.45473
time step: 83	 Nelec: 285	NelecLastBin: 2 -2
Snapshot at: 1.47226
time step: 84	 Nelec: 300	NelecLastBin: 2 -2
Snapshot at: 1.48978
time step: 85	 Nelec: 322	NelecLastBin: 2 -2
Snapshot at: 1.50731
time step: 86	 Nelec: 341	NelecLastBin: 2 -2
Snapshot at: 1.52484
time step: 87	 Nelec: 361	NelecLastBin: 2 -2
Snapshot at: 1.54236
time step: 88	 Nelec: 378	NelecLastBin: 2 -2
Snapshot at: 1.55989
time step: 89	 Nelec: 396	NelecLastBin: 2 -2
Snapshot at: 1.57742
time step: 90	 Nelec: 425	NelecLastBin: 2 -2
Snapshot at: 1.59494
time step: 91	 Nelec: 451	NelecLastBin: 2 -2
Snapshot at: 1.61247
time step: 92	 Nelec: 480	NelecLastBin: 2 -2
Snapshot at: 1.63
time step: 93	 Nelec: 507	NelecLastBin: 2 -2
Snapshot at: 1.64753
time step: 94	 Nelec: 539	NelecLastBin: 2 -2
Snapshot at: 1.66505
time step: 95	 Nelec: 563	NelecLastBin: 2 -2
Snapshot at: 1.68258
time step: 96	 Nelec: 594	NelecLastBin: 2 -2
Snapshot at: 1.70011
time step: 97	 Nelec: 620	NelecLastBin: 2 -2
Snapshot at: 1.71763
time step: 98	 Nelec: 648	NelecLastBin: 2 -2
Snapshot at: 1.73516
time step: 99	 Nelec: 689	NelecLastBin: 2 -2
Snapshot at: 1.75269
time step: 100	 Nelec: 722	NelecLastBin: 2 -2
Snapshot at: 1.77021
time step: 101	 Nelec: 762	NelecLastBin: 2 -2
Snapshot at: 1.78774
time step: 102	 Nelec: 803	NelecLastBin: 2 -2
Snapshot at: 1.80527
time step: 103	 Nelec: 841	NelecLastBin: 2 -2
Snapshot at: 1.82279
time step: 104	 Nelec: 890	NelecLastBin: 2 -2
Snapshot at: 1.84032
time step: 105	 Nelec: 939	NelecLastBin: 2 -2
Snapshot at: 1.85785
time step: 106	 Nelec: 985	NelecLastBin: 2 -2
Snapshot at: 1.87537
time step: 107	 Nelec: 1027	NelecLastBin: 2 -2
Snapshot at: 1.8929
time step: 108	 Nelec: 1071	NelecLastBin: 2 -2
Snapshot at: 1.91043
time step: 109	 Nelec: 1138	NelecLastBin: 2 -2
Snapshot at: 1.92796
time step: 110	 Nelec: 1218	NelecLastBin: 2 -2
Snapshot at: 1.94548
time step: 111	 Nelec: 1280	NelecLastBin: 2 -2
Snapshot at: 1.96301
time step: 112	 Nelec: 1331	NelecLastBin: 2 -2
Snapshot at: 1.98054
time step: 113	 Nelec: 1405	NelecLastBin: 2 -2
Snapshot at: 1.99806
time step: 114	 Nelec: 1470	NelecLastBin: 2 -2
Snapshot at: 2.01559
time step: 115	 Nelec: 1552	NelecLastBin: 2 -2
Snapshot at: 2.03312
time step: 116	 Nelec: 1624	NelecLastBin: 2 -2
Snapshot at: 2.05064
time step: 117	 Nelec: 1690	NelecLastBin: 2 -2
Snapshot at: 2.06817
time step: 118	 Nelec: 1764	NelecLastBin: 2 -2
Snapshot at: 2.0857
time step: 119	 Nelec: 1857	NelecLastBin: 2 -2
Snapshot at: 2.10322
time step: 120	 Nelec: 1942	NelecLastBin: 2 -2
Snapshot at: 2.12075
time step: 121	 Nelec: 2038	NelecLastBin: 2 -2
Snapshot at: 2.13828
time step: 122	 Nelec: 2128	NelecLastBin: 2 -2
Snapshot at: 2.1558
time step: 123	 Nelec: 2248	NelecLastBin: 2 -2
Snapshot at: 2.17333
time step: 124	 Nelec: 2373	NelecLastBin: 2 -2
Snapshot at: 2.19086
time step: 125	 Nelec: 2500	NelecLastBin: 2 -2
Snapshot at: 2.20839
time step: 126	 Nelec: 2639	NelecLastBin: 2 -2
Snapshot at: 2.22591
time step: 127	 Nelec: 2787	NelecLastBin: 2 -2
Snapshot at: 2.24344
time step: 128	 Nelec: 2920	NelecLastBin: 2 -2
Snapshot at: 2.26097
time step: 129	 Nelec: 3059	NelecLastBin: 2 -2
Snapshot at: 2.27849
time step: 130	 Nelec: 3203	NelecLastBin: 2 -2
Snapshot at: 2.29602
time step: 131	 Nelec: 3398	NelecLastBin: 3 -3
Snapshot at: 2.31355
time step: 132	 Nelec: 3572	NelecLastBin: 3 -3
Snapshot at: 2.33107
time step: 133	 Nelec: 3771	NelecLastBin: 3 -3
Snapshot at: 2.3486
time step: 134	 Nelec: 3966	NelecLastBin: 3 -3
Snapshot at: 2.36613
time step: 135	 Nelec: 4156	NelecLastBin: 6 -6
Snapshot at: 2.38365
time step: 136	 Nelec: 4352	NelecLastBin: 7 -7
Snapshot at: 2.40118
time step: 137	 Nelec: 4584	NelecLastBin: 9 -9
Snapshot at: 2.41871
time step: 138	 Nelec: 4801	NelecLastBin: 12 -12
Snapshot at: 2.43623
time step: 139	 Nelec: 5041	NelecLastBin: 14 -14
Snapshot at: 2.45376
time step: 140	 Nelec: 5287	NelecLastBin: 17 -17
Snapshot at: 2.47129
time step: 141	 Nelec: 5552	NelecLastBin: 18 -18
Snapshot at: 2.48882
time step: 142	 Nelec: 5866	NelecLastBin: 22 -22
Snapshot at: 2.50634
time step: 143	 Nelec: 6147	NelecLastBin: 28 -28
Snapshot at: 2.52387
time step: 144	 Nelec: 6490	NelecLastBin: 32 -32
Snapshot at: 2.5414
time step: 145	 Nelec: 6819	NelecLastBin: 38 -38
Snapshot at: 2.55892
time step: 146	 Nelec: 7181	NelecLastBin: 43 -43
Snapshot at: 2.57645
time step: 147	 Nelec: 7554	NelecLastBin: 48 -48
Snapshot at: 2.59398
time step: 148	 Nelec: 7923	NelecLastBin: 52 -52
Snapshot at: 2.6115
time step: 149	 Nelec: 8344	NelecLastBin: 59 -59
Snapshot at: 2.62903
time step: 150	 Nelec: 8795	NelecLastBin: 65 -65
Snapshot at: 2.64656
time step: 151	 Nelec: 9293	NelecLastBin: 71 -71
Snapshot at: 2.66408
time step: 152	 Nelec: 9790	NelecLastBin: 79 -79
Snapshot at: 2.68161
time step: 153	 Nelec: 10331	NelecLastBin: 86 -86
Snapshot at: 2.69914
time step: 154	 Nelec: 10878	NelecLastBin: 90 -90
Snapshot at: 2.71666
time step: 155	 Nelec: 11425	NelecLastBin: 99 -99
Snapshot at: 2.73419
time step: 156	 Nelec: 11995	NelecLastBin: 104 -104
Snapshot at: 2.75172
time step: 157	 Nelec: 12625	NelecLastBin: 108 -108
Snapshot at: 2.76925
time step: 158	 Nelec: 13274	NelecLastBin: 113 -113
Snapshot at: 2.78677
time step: 159	 Nelec: 13955	NelecLastBin: 123 -123
Snapshot at: 2.8043
time step: 160	 Nelec: 14675	NelecLastBin: 127 -127
Snapshot at: 2.82183
time step: 161	 Nelec: 15442	NelecLastBin: 131 -131
Snapshot at: 2.83935
time step: 162	 Nelec: 16262	NelecLastBin: 139 -139
Snapshot at: 2.85688
time step: 163	 Nelec: 17113	NelecLastBin: 143 -143
Snapshot at: 2.87441
time step: 164	 Nelec: 17960	NelecLastBin: 150 -150
Snapshot at: 2.89193
time step: 165	 Nelec: 18882	NelecLastBin: 152 -152
Snapshot at: 2.90946
time step: 166	 Nelec: 19889	NelecLastBin: 161 -161
Snapshot at: 2.92699
time step: 167	 Nelec: 20903	NelecLastBin: 167 -167
Snapshot at: 2.94451
time step: 168	 Nelec: 21958	NelecLastBin: 174 -174
Snapshot at: 2.96204
time step: 169	 Nelec: 23164	NelecLastBin: 181 -181
Snapshot at: 2.97957
time step: 170	 Nelec: 24358	NelecLastBin: 185 -185
Snapshot at: 2.99709
time step: 171	 Nelec: 25584	NelecLastBin: 191 -191
Snapshot at: 3.01462
time step: 172	 Nelec: 26896	NelecLastBin: 194 -194
Snapshot at: 3.03215
time step: 173	 Nelec: 28207	NelecLastBin: 197 -197
Snapshot at: 3.04967
time step: 174	 Nelec: 29600	NelecLastBin: 201 -201
Snapshot at: 3.0672
time step: 175	 Nelec: 31147	NelecLastBin: 207 -207
Snapshot at: 3.08473
time step: 176	 Nelec: 32754	NelecLastBin: 209 -209
Snapshot at: 3.10226
time step: 177	 Nelec: 34478	NelecLastBin: 214 -214
Snapshot at: 3.11978
time step: 178	 Nelec: 36233	NelecLastBin: 218 -218
Snapshot at: 3.13731
time step: 179	 Nelec: 38167	NelecLastBin: 222 -222
Snapshot at: 3.15484
time step: 180	 Nelec: 40220	NelecLastBin: 223 -223
Snapshot at: 3.17236
time step: 181	 Nelec: 42270	NelecLastBin: 225 -225
Snapshot at: 3.18989
time step: 182	 Nelec: 44413	NelecLastBin: 228 -228
Snapshot at: 3.20742
time step: 183	 Nelec: 46697	NelecLastBin: 230 -230
Snapshot at: 3.22494
time step: 184	 Nelec: 49139	NelecLastBin: 234 -234
Snapshot at: 3.24247
time step: 185	 Nelec: 51678	NelecLastBin: 235 -235
Snapshot at: 3.26
time step: 186	 Nelec: 54448	NelecLastBin: 237 -237
Snapshot at: 3.27752
time step: 187	 Nelec: 57242	NelecLastBin: 240 -240
Snapshot at: 3.29505
time step: 188	 Nelec: 60067	NelecLastBin: 245 -245
Snapshot at: 3.31258
time step: 189	 Nelec: 63126	NelecLastBin: 248 -248
Snapshot at: 3.3301
time step: 190	 Nelec: 66329	NelecLastBin: 248 -248
Snapshot at: 3.34763
time step: 191	 Nelec: 69636	NelecLastBin: 248 -248
Snapshot at: 3.36516
time step: 192	 Nelec: 73286	NelecLastBin: 248 -248
Snapshot at: 3.38269
time step: 193	 Nelec: 77095	NelecLastBin: 248 -248
Snapshot at: 3.40021
time step: 194	 Nelec: 81169	NelecLastBin: 248 -248
Snapshot at: 3.41774
time step: 195	 Nelec: 85515	NelecLastBin: 248 -248
Snapshot at: 3.43527
time step: 196	 Nelec: 89875	NelecLastBin: 249 -249
Snapshot at: 3.45279
time step: 197	 Nelec: 94507	NelecLastBin: 250 -250
Snapshot at: 3.47032
time step: 198	 Nelec: 99339	NelecLastBin: 250 -250
Snapshot at: 3.48785
time step: 199	 Nelec: 104437	NelecLastBin: 250 -250
Snapshot at: 3.50537
time step: 200	 Nelec: 109768	NelecLastBin: 251 -251
Snapshot at: 3.5229
time step: 201	 Nelec: 115387	NelecLastBin: 252 -252
Snapshot at: 3.54043
time step: 202	 Nelec: 121306	NelecLastBin: 252 -252
Snapshot at: 3.55795
time step: 203	 Nelec: 127640	NelecLastBin: 253 -253
Snapshot at: 3.57548
time step: 204	 Nelec: 134305	NelecLastBin: 253 -253
Snapshot at: 3.59301
time step: 205	 Nelec: 141200	NelecLastBin: 254 -254
Snapshot at: 3.61053
time step: 206	 Nelec: 148423	NelecLastBin: 254 -254
Snapshot at: 3.62806
time step: 207	 Nelec: 155944	NelecLastBin: 254 -254
Snapshot at: 3.64559
time step: 208	 Nelec: 164013	NelecLastBin: 254 -254
Snapshot at: 3.66312
time step: 209	 Nelec: 172511	NelecLastBin: 254 -254
Snapshot at: 3.68064
time step: 210	 Nelec: 181250	NelecLastBin: 254 -254
Snapshot at: 3.69817
time step: 211	 Nelec: 190468	NelecLastBin: 254 -254
Snapshot at: 3.7157
time step: 212	 Nelec: 200309	NelecLastBin: 254 -254
Snapshot at: 3.73322
time step: 213	 Nelec: 210622	NelecLastBin: 254 -254
Snapshot at: 3.75075
time step: 214	 Nelec: 221421	NelecLastBin: 254 -254
Snapshot at: 3.76828
time step: 215	 Nelec: 232961	NelecLastBin: 254 -254
Snapshot at: 3.7858
time step: 216	 Nelec: 244845	NelecLastBin: 254 -254
Snapshot at: 3.80333
time step: 217	 Nelec: 257348	NelecLastBin: 254 -254
Snapshot at: 3.82086
time step: 218	 Nelec: 270566	NelecLastBin: 254 -254
Snapshot at: 3.83838
time step: 219	 Nelec: 284397	NelecLastBin: 254 -254
Snapshot at: 3.85591
time step: 220	 Nelec: 298911	NelecLastBin: 254 -254
Snapshot at: 3.87344
time step: 221	 Nelec: 314057	NelecLastBin: 254 -254
Snapshot at: 3.89096
time step: 222	 Nelec: 330206	NelecLastBin: 254 -254
Snapshot at: 3.90849
time step: 223	 Nelec: 347102	NelecLastBin: 254 -254
Snapshot at: 3.92602
time step: 224	 Nelec: 364729	NelecLastBin: 254 -254
Snapshot at: 3.94355
time step: 225	 Nelec: 383169	NelecLastBin: 254 -254
Snapshot at: 3.96107
time step: 226	 Nelec: 402390	NelecLastBin: 254 -254
Snapshot at: 3.9786
time step: 227	 Nelec: 422651	NelecLastBin: 254 -254
Snapshot at: 3.99613
time step: 228	 Nelec: 444216	NelecLastBin: 254 -254
Snapshot at: 4.01365
time step: 229	 Nelec: 466525	NelecLastBin: 254 -254
Snapshot at: 4.03118
time step: 230	 Nelec: 490042	NelecLastBin: 254 -254
Snapshot at: 4.04871
time step: 231	 Nelec: 515045	NelecLastBin: 254 -254
Snapshot at: 4.06623
time step: 232	 Nelec: 540903	NelecLastBin: 254 -254
Snapshot at: 4.08376
time step: 233	 Nelec: 568280	NelecLastBin: 254 -254
Snapshot at: 4.10129
time step: 234	 Nelec: 596699	NelecLastBin: 257 -257
Snapshot at: 4.11881
time step: 235	 Nelec: 626587	NelecLastBin: 258 -258
Snapshot at: 4.13634
time step: 236	 Nelec: 658003	NelecLastBin: 259 -259
Snapshot at: 4.15387
time step: 237	 Nelec: 690838	NelecLastBin: 260 -260
Snapshot at: 4.17139
time step: 238	 Nelec: 725088	NelecLastBin: 266 -266
Snapshot at: 4.18892
time step: 239	 Nelec: 761044	NelecLastBin: 268 -268
Snapshot at: 4.20645
time step: 240	 Nelec: 798566	NelecLastBin: 274 -274
Snapshot at: 4.22398
time step: 241	 Nelec: 838319	NelecLastBin: 280 -280
Snapshot at: 4.2415
time step: 242	 Nelec: 880355	NelecLastBin: 290 -290
Snapshot at: 4.25903
time step: 243	 Nelec: 923678	NelecLastBin: 298 -298
Snapshot at: 4.27656
time step: 244	 Nelec: 969187	NelecLastBin: 310 -310
Snapshot at: 4.29408
time step: 245	 Nelec: 1.01698e+06	NelecLastBin: 323 -323
Snapshot at: 4.31161
time step: 246	 Nelec: 1.06726e+06	NelecLastBin: 340 -340
Snapshot at: 4.32914
time step: 247	 Nelec: 1.11954e+06	NelecLastBin: 367 -367
Snapshot at: 4.34666
time step: 248	 Nelec: 1.17458e+06	NelecLastBin: 417 -417
Snapshot at: 4.36419
time step: 249	 Nelec: 1.23161e+06	NelecLastBin: 458 -458
Snapshot at: 4.38172
time step: 250	 Nelec: 1.29123e+06	NelecLastBin: 516 -516
Snapshot at: 4.39924
time step: 251	 Nelec: 1.3537e+06	NelecLastBin: 599 -599
Snapshot at: 4.41677
time step: 252	 Nelec: 1.41896e+06	NelecLastBin: 692 -692
Snapshot at: 4.4343
time step: 253	 Nelec: 1.48695e+06	NelecLastBin: 813 -813
Snapshot at: 4.45182
time step: 254	 Nelec: 1.55833e+06	NelecLastBin: 964 -964
Snapshot at: 4.46935
time step: 255	 Nelec: 1.63236e+06	NelecLastBin: 1140 -1140
Snapshot at: 4.48688
time step: 256	 Nelec: 1.7103e+06	NelecLastBin: 1370 -1370
Snapshot at: 4.5044
time step: 257	 Nelec: 1.79215e+06	NelecLastBin: 1610 -1610
Snapshot at: 4.52193
time step: 258	 Nelec: 1.87663e+06	NelecLastBin: 1886 -1886
Snapshot at: 4.53946
time step: 259	 Nelec: 1.96494e+06	NelecLastBin: 2223 -2223
Snapshot at: 4.55699
time step: 260	 Nelec: 2.05676e+06	NelecLastBin: 2651 -2651
Snapshot at: 4.57451
time step: 261	 Nelec: 2.15291e+06	NelecLastBin: 3111 -3111
Snapshot at: 4.59204
time step: 262	 Nelec: 2.25326e+06	NelecLastBin: 3661 -3661
Snapshot at: 4.60957
time step: 263	 Nelec: 2.35701e+06	NelecLastBin: 4309 -4309
Snapshot at: 4.62709
time step: 264	 Nelec: 2.4657e+06	NelecLastBin: 5036 -5036
Snapshot at: 4.64462
time step: 265	 Nelec: 2.57909e+06	NelecLastBin: 5864 -5864
Snapshot at: 4.66215
time step: 266	 Nelec: 2.6967e+06	NelecLastBin: 6870 -6870
Snapshot at: 4.67967
time step: 267	 Nelec: 2.81944e+06	NelecLastBin: 7948 -7948
Snapshot at: 4.6972
time step: 268	 Nelec: 2.94686e+06	NelecLastBin: 9315 -9315
Snapshot at: 4.71473
time step: 269	 Nelec: 3.07982e+06	NelecLastBin: 10779 -10779
Snapshot at: 4.73225
time step: 270	 Nelec: 3.21741e+06	NelecLastBin: 12453 -12453
Snapshot at: 4.74978
time step: 271	 Nelec: 3.36043e+06	NelecLastBin: 14307 -14307
Snapshot at: 4.76731
time step: 272	 Nelec: 3.50888e+06	NelecLastBin: 16516 -16516
Snapshot at: 4.78483
time step: 273	 Nelec: 3.66298e+06	NelecLastBin: 18970 -18970
Snapshot at: 4.80236
time step: 274	 Nelec: 3.82322e+06	NelecLastBin: 21715 -21715
Snapshot at: 4.81989
time step: 275	 Nelec: 3.9897e+06	NelecLastBin: 24949 -24949
Snapshot at: 4.83742
time step: 276	 Nelec: 4.16177e+06	NelecLastBin: 28403 -28403
Snapshot at: 4.85494
time step: 277	 Nelec: 4.33974e+06	NelecLastBin: 32299 -32299
Snapshot at: 4.87247
time step: 278	 Nelec: 4.52432e+06	NelecLastBin: 36617 -36617
Snapshot at: 4.89
time step: 279	 Nelec: 4.71531e+06	NelecLastBin: 41429 -41429
Snapshot at: 4.90752
time step: 280	 Nelec: 4.91292e+06	NelecLastBin: 46811 -46811
Snapshot at: 4.92505
time step: 281	 Nelec: 5.11735e+06	NelecLastBin: 52768 -52768
Snapshot at: 4.94258
time step: 282	 Nelec: 5.32995e+06	NelecLastBin: 59215 -59215
Snapshot at: 4.9601
time step: 283	 Nelec: 5.54917e+06	NelecLastBin: 66400 -66400
Snapshot at: 4.97763
time step: 284	 Nelec: 5.77653e+06	NelecLastBin: 74337 -74337
Snapshot at: 4.99516
time step: 285	 Nelec: 6.01151e+06	NelecLastBin: 82960 -82960
Snapshot at: 5.01268
time step: 286	 Nelec: 6.25319e+06	NelecLastBin: 92437 -92437
Snapshot at: 5.03021
time step: 287	 Nelec: 6.50318e+06	NelecLastBin: 102747 -102747
Snapshot at: 5.04774
time step: 288	 Nelec: 6.76168e+06	NelecLastBin: 113908 -113908
Snapshot at: 5.06526
time step: 289	 Nelec: 7.02797e+06	NelecLastBin: 125790 -125790
Snapshot at: 5.08279
time step: 290	 Nelec: 7.30367e+06	NelecLastBin: 139022 -139022
Snapshot at: 5.10032
time step: 291	 Nelec: 7.5875e+06	NelecLastBin: 153049 -153049
Snapshot at: 5.11785
time step: 292	 Nelec: 7.87974e+06	NelecLastBin: 167752 -167752
Snapshot at: 5.13537
time step: 293	 Nelec: 8.18227e+06	NelecLastBin: 183642 -183642
Snapshot at: 5.1529
time step: 294	 Nelec: 8.49319e+06	NelecLastBin: 200928 -200928
Snapshot at: 5.17043
time step: 295	 Nelec: 8.81521e+06	NelecLastBin: 218831 -218831
Snapshot at: 5.18795
time step: 296	 Nelec: 9.1454e+06	NelecLastBin: 238275 -238275
Snapshot at: 5.20548
time step: 297	 Nelec: 9.48575e+06	NelecLastBin: 258512 -258512
Snapshot at: 5.22301
time step: 298	 Nelec: 9.83752e+06	NelecLastBin: 279996 -279996
Snapshot at: 5.24053
time step: 299	 Nelec: 1.01994e+07	NelecLastBin: 302249 -302249
Snapshot at: 5.25806
time step: 300	 Nelec: 1.05716e+07	NelecLastBin: 325952 -325952
Snapshot at: 5.27559
time step: 301	 Nelec: 1.09551e+07	NelecLastBin: 350392 -350392
Snapshot at: 5.29311
time step: 302	 Nelec: 1.13501e+07	NelecLastBin: 375966 -375966
Snapshot at: 5.31064
time step: 303	 Nelec: 1.17576e+07	NelecLastBin: 402581 -402581
Snapshot at: 5.32817
time step: 304	 Nelec: 1.21774e+07	NelecLastBin: 429955 -429955
Snapshot at: 5.34569
time step: 305	 Nelec: 1.26092e+07	NelecLastBin: 458350 -458350
Snapshot at: 5.36322
time step: 306	 Nelec: 1.30563e+07	NelecLastBin: 487538 -487538
Snapshot at: 5.38075
time step: 307	 Nelec: 1.35176e+07	NelecLastBin: 517466 -517466
Snapshot at: 5.39828
time step: 308	 Nelec: 1.39937e+07	NelecLastBin: 548103 -548103
Snapshot at: 5.4158
time step: 309	 Nelec: 1.44834e+07	NelecLastBin: 578919 -578919
Snapshot at: 5.43333
time step: 310	 Nelec: 1.49904e+07	NelecLastBin: 610610 -610610
Snapshot at: 5.45086
time step: 311	 Nelec: 1.55132e+07	NelecLastBin: 642788 -642788
Snapshot at: 5.46838
time step: 312	 Nelec: 1.60542e+07	NelecLastBin: 674972 -674972
Snapshot at: 5.48591
time step: 313	 Nelec: 1.66137e+07	NelecLastBin: 707906 -707906
Snapshot at: 5.50344
time step: 314	 Nelec: 1.71906e+07	NelecLastBin: 741125 -741125
Snapshot at: 5.52096
time step: 315	 Nelec: 1.77893e+07	NelecLastBin: 774946 -774946
Snapshot at: 5.53849
time step: 316	 Nelec: 1.84067e+07	NelecLastBin: 808882 -808882
Snapshot at: 5.55602
time step: 317	 Nelec: 1.90472e+07	NelecLastBin: 842443 -842443
electron threshold reached at time step: 317
fNElectrons[iTimeStep] = 1.90472e+07
iTimeStep = 317
Snapshot at: 5.57354
time step: 318	 Nelec: 1.97104e+07	NelecLastBin: 876257 -876257
Snapshot at: 5.59107
time step: 319	 Nelec: 2.03983e+07	NelecLastBin: 910294 -910294
Snapshot at: 5.6086
time step: 320	 Nelec: 2.11125e+07	NelecLastBin: 943887 -943887
Snapshot at: 5.62612
time step: 321	 Nelec: 2.18525e+07	NelecLastBin: 977108 -977108
Snapshot at: 5.64365
time step: 322	 Nelec: 2.26191e+07	NelecLastBin: 1.00989e+06 -1.00989e+06
Snapshot at: 5.66118
time step: 323	 Nelec: 2.34173e+07	NelecLastBin: 1.04187e+06 -1.04187e+06
Snapshot at: 5.6787
time step: 324	 Nelec: 2.42443e+07	NelecLastBin: 1.0735e+06 -1.0735e+06
Snapshot at: 5.69623
time step: 325	 Nelec: 2.51044e+07	NelecLastBin: 1.10499e+06 -1.10499e+06
Snapshot at: 5.71376
time step: 326	 Nelec: 2.59991e+07	NelecLastBin: 1.13616e+06 -1.13616e+06
Snapshot at: 5.73129
time step: 327	 Nelec: 2.69253e+07	NelecLastBin: 1.1672e+06 -1.1672e+06
Snapshot at: 5.74881
time step: 328	 Nelec: 2.78922e+07	NelecLastBin: 1.19787e+06 -1.19787e+06
Snapshot at: 5.76634
time step: 329	 Nelec: 2.88957e+07	NelecLastBin: 1.22809e+06 -1.22809e+06
Snapshot at: 5.78387
time step: 330	 Nelec: 2.99412e+07	NelecLastBin: 1.2586e+06 -1.2586e+06
Snapshot at: 5.80139
time step: 331	 Nelec: 3.10274e+07	NelecLastBin: 1.28877e+06 -1.28877e+06
Snapshot at: 5.81892
time step: 332	 Nelec: 3.2158e+07	NelecLastBin: 1.31827e+06 -1.31827e+06
Snapshot at: 5.83645
time step: 333	 Nelec: 3.33354e+07	NelecLastBin: 1.34717e+06 -1.34717e+06
Snapshot at: 5.85397
time step: 334	 Nelec: 3.45612e+07	NelecLastBin: 1.37554e+06 -1.37554e+06
Snapshot at: 5.8715
time step: 335	 Nelec: 3.58383e+07	NelecLastBin: 1.40322e+06 -1.40322e+06
Snapshot at: 5.88903
time step: 336	 Nelec: 3.71656e+07	NelecLastBin: 1.4303e+06 -1.4303e+06
Snapshot at: 5.90655
time step: 337	 Nelec: 3.85475e+07	NelecLastBin: 1.45703e+06 -1.45703e+06
Snapshot at: 5.92408
time step: 338	 Nelec: 3.99827e+07	NelecLastBin: 1.48346e+06 -1.48346e+06
Snapshot at: 5.94161
time step: 339	 Nelec: 4.14752e+07	NelecLastBin: 1.50963e+06 -1.50963e+06
Snapshot at: 5.95913
time step: 340	 Nelec: 4.30214e+07	NelecLastBin: 1.5357e+06 -1.5357e+06
Snapshot at: 5.97666
time step: 341	 Nelec: 4.46247e+07	NelecLastBin: 1.56104e+06 -1.56104e+06
Snapshot at: 5.99419
time step: 342	 Nelec: 4.62791e+07	NelecLastBin: 1.58607e+06 -1.58607e+06
Snapshot at: 6.01172
time step: 343	 Nelec: 4.79795e+07	NelecLastBin: 1.61036e+06 -1.61036e+06
Snapshot at: 6.02924
time step: 344	 Nelec: 4.97179e+07	NelecLastBin: 1.63376e+06 -1.63376e+06
Snapshot at: 6.04677
time step: 345	 Nelec: 5.14737e+07	NelecLastBin: 1.65669e+06 -1.65669e+06
Snapshot at: 6.0643
time step: 346	 Nelec: 5.3235e+07	NelecLastBin: 1.67914e+06 -1.67914e+06
Snapshot at: 6.08182
time step: 347	 Nelec: 5.49662e+07	NelecLastBin: 1.70107e+06 -1.70107e+06
Snapshot at: 6.09935
time step: 348	 Nelec: 5.6625e+07	NelecLastBin: 1.72245e+06 -1.72245e+06
Snapshot at: 6.11688
time step: 349	 Nelec: 5.81756e+07	NelecLastBin: 1.74355e+06 -1.74355e+06
Snapshot at: 6.1344
time step: 350	 Nelec: 5.96046e+07	NelecLastBin: 1.76433e+06 -1.76433e+06
Snapshot at: 6.15193
time step: 351	 Nelec: 6.09453e+07	NelecLastBin: 1.78476e+06 -1.78476e+06
Snapshot at: 6.16946
time step: 352	 Nelec: 6.22992e+07	NelecLastBin: 1.80466e+06 -1.80466e+06
Snapshot at: 6.18698
time step: 353	 Nelec: 6.37081e+07	NelecLastBin: 1.82438e+06 -1.82438e+06
Snapshot at: 6.20451
time step: 354	 Nelec: 6.51526e+07	NelecLastBin: 1.84359e+06 -1.84359e+06
Snapshot at: 6.22204
time step: 355	 Nelec: 6.66086e+07	NelecLastBin: 1.86252e+06 -1.86252e+06
Snapshot at: 6.23956
time step: 356	 Nelec: 6.80294e+07	NelecLastBin: 1.88085e+06 -1.88085e+06
Snapshot at: 6.25709
time step: 357	 Nelec: 6.95605e+07	NelecLastBin: 1.8987e+06 -1.8987e+06
Snapshot at: 6.27462
time step: 358	 Nelec: 7.10554e+07	NelecLastBin: 1.91636e+06 -1.91636e+06
Snapshot at: 6.29215
time step: 359	 Nelec: 7.28601e+07	NelecLastBin: 1.93348e+06 -1.93348e+06
Snapshot at: 6.30967
time step: 360	 Nelec: 7.46812e+07	NelecLastBin: 1.95022e+06 -1.95022e+06
Snapshot at: 6.3272
time step: 361	 Nelec: 7.66688e+07	NelecLastBin: 1.96647e+06 -1.96647e+06
Snapshot at: 6.34473
time step: 362	 Nelec: 7.86188e+07	NelecLastBin: 1.98281e+06 -1.98281e+06
Snapshot at: 6.36225
time step: 363	 Nelec: 8.0802e+07	NelecLastBin: 1.99836e+06 -1.99836e+06
Snapshot at: 6.37978
time step: 364	 Nelec: 8.30038e+07	NelecLastBin: 2.01364e+06 -2.01364e+06
Snapshot at: 6.39731
time step: 365	 Nelec: 8.54256e+07	NelecLastBin: 2.0285e+06 -2.0285e+06
Snapshot at: 6.41483
time step: 366	 Nelec: 8.79137e+07	NelecLastBin: 2.04298e+06 -2.04298e+06
Snapshot at: 6.43236
time step: 367	 Nelec: 9.06905e+07	NelecLastBin: 2.0572e+06 -2.0572e+06
Snapshot at: 6.44989
time step: 368	 Nelec: 9.34984e+07	NelecLastBin: 2.07114e+06 -2.07114e+06
Snapshot at: 6.46741
time step: 369	 Nelec: 9.67072e+07	NelecLastBin: 2.08441e+06 -2.08441e+06
Snapshot at: 6.48494
time step: 370	 Nelec: 1.00094e+08	NelecLastBin: 2.09752e+06 -2.09752e+06
Snapshot at: 6.50247
time step: 371	 Nelec: 1.03859e+08	NelecLastBin: 2.11048e+06 -2.11048e+06
Snapshot at: 6.51999
time step: 372	 Nelec: 1.07859e+08	NelecLastBin: 2.12312e+06 -2.12312e+06
Snapshot at: 6.53752
time step: 373	 Nelec: 1.12346e+08	NelecLastBin: 2.13528e+06 -2.13528e+06
Snapshot at: 6.55505
time step: 374	 Nelec: 1.17194e+08	NelecLastBin: 2.14703e+06 -2.14703e+06
Snapshot at: 6.57258
time step: 375	 Nelec: 1.22606e+08	NelecLastBin: 2.1587e+06 -2.1587e+06
Snapshot at: 6.5901
time step: 376	 Nelec: 1.28538e+08	NelecLastBin: 2.17026e+06 -2.17026e+06
Snapshot at: 6.60763
time step: 377	 Nelec: 1.34979e+08	NelecLastBin: 2.18126e+06 -2.18126e+06
Snapshot at: 6.62516
time step: 378	 Nelec: 1.41604e+08	NelecLastBin: 2.19221e+06 -2.19221e+06
Snapshot at: 6.64268
time step: 379	 Nelec: 1.47588e+08	NelecLastBin: 2.20266e+06 -2.20266e+06
Snapshot at: 6.66021
time step: 380	 Nelec: 1.45215e+08	NelecLastBin: 2.21308e+06 -2.21308e+06
Snapshot at: 6.67774
time step: 381	 Nelec: 1.3934e+08	NelecLastBin: 2.22309e+06 -2.22309e+06
Snapshot at: 6.69526
time step: 382	 Nelec: 1.40037e+08	NelecLastBin: 2.23297e+06 -2.23297e+06
Snapshot at: 6.71279
time step: 383	 Nelec: 1.41844e+08	NelecLastBin: 2.24269e+06 -2.24269e+06
Snapshot at: 6.73032
time step: 384	 Nelec: 1.47787e+08	NelecLastBin: 2.25216e+06 -2.25216e+06
Snapshot at: 6.74784
time step: 385	 Nelec: 1.55119e+08	NelecLastBin: 2.26171e+06 -2.26171e+06
Snapshot at: 6.76537
time step: 386	 Nelec: 1.84745e+08	NelecLastBin: 2.27093e+06 -2.27093e+06
Snapshot at: 6.7829
time step: 387	 Nelec: 2.5938e+08	NelecLastBin: 2.27988e+06 -2.27988e+06
Snapshot at: 6.80042
time step: 388	 Nelec: 5.82802e+08	NelecLastBin: 2.28853e+06 -2.28853e+06
Snapshot at: 6.81795
